// Jest Snapshot v1, https://goo.gl/fbAQLP

exports[`DefaultButton renders properly 1`] = `
<View
  accessible={true}
  focusable={true}
  onClick={[Function]}
  onResponderGrant={[Function]}
  onResponderMove={[Function]}
  onResponderRelease={[Function]}
  onResponderTerminate={[Function]}
  onResponderTerminationRequest={[Function]}
  onStartShouldSetResponder={[Function]}
  style={
    Object {
      "opacity": 1,
    }
  }
  testID="default-button"
>
  <View
    style={
      Array [
        Object {
          "alignItems": "center",
          "borderRadius": 5,
          "justifyContent": "center",
          "margin": 20,
          "padding": 15,
        },
        undefined,
      ]
    }
  >
    <Text
      style={
        Array [
          Object {
            "color": "white",
            "fontSize": 20,
          },
          undefined,
        ]
      }
    >
      Test Title
    </Text>
  </View>
</View>
`;
